
mhnas@Mohamed-Nasr MINGW64 ~/Desktop/shoping
$ git init
Initialized empty Git repository in C:/Users/mhnas/Desktop/shoping/.git/

mhnas@Mohamed-Nasr MINGW64 ~/Desktop/shoping (master)
$ git commit
On branch master

Initial commit

Untracked files:
  (use "git add <file>..." to include in what will be committed)
        groceries.txt
        yard.txt

nothing added to commit but untracked files present (use "git add" to track)

mhnas@Mohamed-Nasr MINGW64 ~/Desktop/shoping (master)
$ git add .

mhnas@Mohamed-Nasr MINGW64 ~/Desktop/shoping (master)
$ git status
On branch master

No commits yet

Changes to be committed:
  (use "git rm --cached <file>..." to unstage)
        new file:   groceries.txt
        new file:   yard.txt


mhnas@Mohamed-Nasr MINGW64 ~/Desktop/shoping (master)
$ git commit -m "create yard and groceries lists"
[master (root-commit) c17e541] create yard and groceries lists
 2 files changed, 0 insertions(+), 0 deletions(-)
 create mode 100644 groceries.txt
 create mode 100644 yard.txt

mhnas@Mohamed-Nasr MINGW64 ~/Desktop/shoping (master)
$ git status
On branch master
Changes not staged for commit:
  (use "git add <file>..." to update what will be committed)
  (use "git restore <file>..." to discard changes in working directory)
        modified:   groceries.txt

no changes added to commit (use "git add" and/or "git commit -a")

mhnas@Mohamed-Nasr MINGW64 ~/Desktop/shoping (master)
$ git add .

mhnas@Mohamed-Nasr MINGW64 ~/Desktop/shoping (master)
$ git commit -m "add ingredients for tomato soup"
[master 09e68d9] add ingredients for tomato soup
 1 file changed, 3 insertions(+)

mhnas@Mohamed-Nasr MINGW64 ~/Desktop/shoping (master)
$ git status
On branch master
nothing to commit, working tree clean

mhnas@Mohamed-Nasr MINGW64 ~/Desktop/shoping (master)
$ git status
On branch master
nothing to commit, working tree clean

mhnas@Mohamed-Nasr MINGW64 ~/Desktop/shoping (master)
$ git status
On branch master
nothing to commit, working tree clean

mhnas@Mohamed-Nasr MINGW64 ~/Desktop/shoping (master)
$ git status
On branch master
Changes not staged for commit:
  (use "git add <file>..." to update what will be committed)
  (use "git restore <file>..." to discard changes in working directory)
        modified:   yard.txt

no changes added to commit (use "git add" and/or "git commit -a")

mhnas@Mohamed-Nasr MINGW64 ~/Desktop/shoping (master)
$ git add .

mhnas@Mohamed-Nasr MINGW64 ~/Desktop/shoping (master)
$ git commit -m " add items needed for garden box"
[master dc30140]  add items needed for garden box
 1 file changed, 2 insertions(+)

mhnas@Mohamed-Nasr MINGW64 ~/Desktop/shoping (master)
$ git status
On branch master
nothing to commit, working tree clean

mhnas@Mohamed-Nasr MINGW64 ~/Desktop/shoping (master)
$ git status
On branch master
Changes not staged for commit:
  (use "git add <file>..." to update what will be committed)
  (use "git restore <file>..." to discard changes in working directory)
        modified:   groceries.txt
        modified:   yard.txt

no changes added to commit (use "git add" and/or "git commit -a")

mhnas@Mohamed-Nasr MINGW64 ~/Desktop/shoping (master)
$ git add .

mhnas@Mohamed-Nasr MINGW64 ~/Desktop/shoping (master)
$ git commit -m " add items needed to grow potatoes"
[master fb9cd9a]  add items needed to grow potatoes
 2 files changed, 2 insertions(+), 1 deletion(-)

mhnas@Mohamed-Nasr MINGW64 ~/Desktop/shoping (master)
$ git log --oneline
fb9cd9a (HEAD -> master)  add items needed to grow potatoes
dc30140  add items needed for garden box
09e68d9 add ingredients for tomato soup
c17e541 create yard and groceries lists

mhnas@Mohamed-Nasr MINGW64 ~/Desktop/shoping (master)
$
